// Jest Snapshot v1, https://goo.gl/fbAQLP

exports[`joint account creates ok 1`] = `
Object {
  "inputs": Object {
    "accountSecret": "SABRXC3RQJVVUS22N7H6WGZPTWJ7GBKIZ3PBGX4NWKZZSLC4DWIUP4K3",
    "members": Array [
      "GAJ3VIHUHOHPI7HIJ3DS5HJ5K7CMJ5QVVCO4IXBIG32HGM3WAS3OEOMA",
      "GBN4BQAIFUEKYOEYAI4ZEWUK7UW4QVCFVT4VD643L5O7IBCZEES3R6D3",
      "GAGXSBXBSJUYCYM623OQQK5P3PXT2BOCKRXU7TVAEOZB5CET2ABJX2T6",
    ],
    "signerSecret": "SAP4WQ7W3JS72NGGTJ3X7FM3VGMVI5AIWS5VUOXK4MJECLTOPDUE7VMK",
  },
  "jointAccount": Object {
    "keys": Object {
      "publicKey": "GCKMUQMJXGSPMQRQAZZ2FTZBFCXIXWGWAKGCM3CUVTIR2OOZXB664RSO",
      "secret": "SABRXC3RQJVVUS22N7H6WGZPTWJ7GBKIZ3PBGX4NWKZZSLC4DWIUP4K3",
    },
    "signers": Array [
      Object {
        "key": "GAJ3VIHUHOHPI7HIJ3DS5HJ5K7CMJ5QVVCO4IXBIG32HGM3WAS3OEOMA",
        "public_key": "GAJ3VIHUHOHPI7HIJ3DS5HJ5K7CMJ5QVVCO4IXBIG32HGM3WAS3OEOMA",
        "type": "ed25519_public_key",
        "weight": 1,
      },
      Object {
        "key": "GBN4BQAIFUEKYOEYAI4ZEWUK7UW4QVCFVT4VD643L5O7IBCZEES3R6D3",
        "public_key": "GBN4BQAIFUEKYOEYAI4ZEWUK7UW4QVCFVT4VD643L5O7IBCZEES3R6D3",
        "type": "ed25519_public_key",
        "weight": 1,
      },
      Object {
        "key": "GAGXSBXBSJUYCYM623OQQK5P3PXT2BOCKRXU7TVAEOZB5CET2ABJX2T6",
        "public_key": "GAGXSBXBSJUYCYM623OQQK5P3PXT2BOCKRXU7TVAEOZB5CET2ABJX2T6",
        "type": "ed25519_public_key",
        "weight": 1,
      },
    ],
    "thresholds": Object {
      "high_threshold": 3,
      "low_threshold": 0,
      "med_threshold": 0,
    },
  },
  "transactions": Object {
    "createJointAccount": Object {
      "fake": "receipt",
    },
  },
}
`;
